// Jest Snapshot v1, https://goo.gl/fbAQLP

exports[`renders without crashing 1`] = `
<div
  className="tc bg-light-green dib br3 pa3 ma2 grow bw2 shadow-5"
>
  <img
    alt="Robo"
    src="https://robohash.org/100500?200x200"
  />
  <div>
    <h2>
      Robo
    </h2>
    <p>
      robo@mail.com
    </p>
  </div>
</div>
`;
