// Jest Snapshot v1, https://goo.gl/fbAQLP

exports[`expect to render CardList shallowComponent 1`] = `
<div>
  <Card
    email="r2d2@mail.com"
    id={1}
    key="1"
    name="R2D2"
  />
  <Card
    email="3p20@mail.com"
    id={2}
    key="2"
    name="3P20"
  />
  <Card
    email="r8s2@mail.com"
    id={3}
    key="3"
    name="R8S2"
  />
</div>
`;
